
Running `apk add --no-cache openjdk17-jre-headless` at 2026-01-28 19:56:27
apk-tools 3.0.3-r1, compiled for x86_64.
(1/7) Installing java-common (1.0-r1)
(2/7) Installing libffi (3.5.2-r0)
(3/7) Installing libtasn1 (4.21.0-r0)
(4/7) Installing p11-kit (0.25.5-r2)
(5/7) Installing p11-kit-trust (0.25.5-r2)
(6/7) Installing java-cacerts (1.1-r0)
(7/7) Installing openjdk17-jre-headless (17.0.17_p10-r0)
Executing busybox-1.37.0-r30.trigger
Executing ca-certificates-20251003-r0.trigger
Executing java-common-1.0-r1.trigger
OK: 215.3 MiB in 86 packages

Running `apk add --no-cache openjdk17-jdk` at 2026-01-28 19:57:03
apk-tools 3.0.3-r1, compiled for x86_64.
( 1/16) Installing libxau (1.0.12-r0)
( 2/16) Installing libmd (1.1.0-r0)
( 3/16) Installing libbsd (0.12.2-r0)
( 4/16) Installing libxdmcp (1.1.5-r1)
( 5/16) Installing libxcb (1.17.0-r1)
( 6/16) Installing libx11 (1.8.12-r1)
( 7/16) Installing libxext (1.3.6-r2)
( 8/16) Installing libxi (1.8.2-r0)
( 9/16) Installing libxrender (0.9.12-r0)
(10/16) Installing libxtst (1.2.5-r0)
(11/16) Installing alsa-lib (1.2.14-r2)
(12/16) Installing giflib (5.2.2-r1)
(13/16) Installing lcms2 (2.17-r0)
(14/16) Installing openjdk17-jre (17.0.17_p10-r0)
(15/16) Installing openjdk17-jmods (17.0.17_p10-r0)
(16/16) Installing openjdk17-jdk (17.0.17_p10-r0)
Executing busybox-1.37.0-r30.trigger
Executing java-common-1.0-r1.trigger
OK: 307.4 MiB in 102 packages

Running `apk update` at 2026-01-29 15:58:46
apk-tools 3.0.3-r1, compiled for x86_64.
v3.23.3-2-g6a40493f58e [https://dl-cdn.alpinelinux.org/alpine/v3.23/main]
v3.23.3-12-g24a7b2e0d30 [https://dl-cdn.alpinelinux.org/alpine/v3.23/community]
OK: 27568 distinct packages available
